EVA1_6_PERMISOS


MySQL Shell 8.0.12

Copyright (c) 2016, 2018, Oracle and/or its affiliates. All rights reserved.

Oracle is a registered trademark of Oracle Corporation and/or its
affiliates. Other names may be trademarks of their respective
owners.

Type '\help' or '\?' for help; '\quit' to exit.


 MySQL  JS > \sql
Switching to SQL mode... Commands end with ;

 MySQL  SQL > \connect -c root@localhost
The -c option is deprecated, please use --mysql or -mc instead
Creating a Classic session to 'root@localhost'
Please provide the password for 'root@localhost': ****
Save password for 'root@localhost:3306'? [Y]es/[N]o/Ne[v]er (default No): y
Fetching schema names for autocompletion... Press ^C to stop.
Your MySQL connection id is 33
Server version: 8.0.12 MySQL Community Server - GPL
No default schema selected; type \use <schema> to set one.

 MySQL  localhost:3306 ssl  SQL > \use evaluacion_1
Default schema set to `evaluacion_1`.
Fetching table and column names from `evaluacion_1` for auto-completion... Press ^C to stop.

 MySQL  localhost:3306 ssl  evaluacion_1  SQL > select user from mysql.user;
+------------------+
| user             |
+------------------+
| Denisse          |
| mysql.infoschema |
| mysql.session    |                            create user 'total_user'@'localhostst
                                            ... insert;user 'total_user'@'localhostst
ERROR: 1064 (42000): You have an error in your SQL syntax; check the manual that corresponds to your MySQL server version for the right syntax to use near ''localhoststte user 'total_user'@'localhost
insert' at line 14204 sec)                      create user 'total_user'@'localhos
                                                create user 'total_user'@'localho
 MySQL  localhost:3306 ssl  evaluacion_1  SQL > create user 'total_user'@'localh
 MySQL  localhost:3306 ssl  evaluacion_1  SQL > create user 'total_user'@'localhost' identified by '123456';
Query OK, 0 rows affected (1.4328 sec)

 MySQL  localhost:3306 ssl  evaluacion_1  SQL > select user from mysql.user;
+------------------+
| user             |
+------------------+
| Denisse          |
| mysql.infoschema |
| mysql.session    |
| mysql.sys        |
| root             |
| total_user       |
+------------------+
6 rows in set (0.0015 sec)

 MySQL  localhost:3306 ssl  evaluacion_1  SQL > \connect -c total_user@localhost
The -c option is deprecated, please use --mysql or -mc instead
Creating a Classic session to 'total_user@localhost'
Please provide the password for 'total_user@localhost': ******
Save password for 'total_user@localhost:3306'? [Y]es/[N]o/Ne[v]er (default No): y
Fetching schema names for autocompletion... Press ^C to stop.
Closing old connection...
Your MySQL connection id is 37
Server version: 8.0.12 MySQL Community Server - GPL
No default schema selected; type \use <schema> to set one.

 MySQL  localhost:3306 ssl  SQL > show databases;
+--------------------+
| Database           |
+--------------------+
| information_schema |
+--------------------+
1 row in set (0.0036 sec)

 MySQL  localhost:3306 ssl  SQL > \connect -c root@locahost
The -c option is deprecated, please use --mysql or -mc instead
Creating a Classic session to 'root@locahost'
Please provide the password for 'root@locahost': ****
MySQL Error 2005 (HY000): Unknown MySQL server host 'locahost' (0)

 MySQL  localhost:3306 ssl  SQL > \connect -c root@locahost
The -c option is deprecated, please use --mysql or -mc instead
Creating a Classic session to 'root@locahost'
Please provide the password for 'root@locahost': ****
MySQL Error 2005 (HY000): Unknown MySQL server host 'locahost' (0)

 MySQL  localhost:3306 ssl  SQL > set password for 'total_user'@'localhost' = 'xxx.123';
Query OK, 0 rows affected (0.5042 sec)

 MySQL  localhost:3306 ssl  SQL > \connect -c root@localhost
The -c option is deprecated, please use --mysql or -mc instead
Creating a Classic session to 'root@localhost'
Please provide the password for 'root@localhost': ****
Save password for 'root@localhost:3306'? [Y]es/[N]o/Ne[v]er (default No): y
Fetching schema names for autocompletion... Press ^C to stop.
Closing old connection...
Your MySQL connection id is 38
Server version: 8.0.12 MySQL Community Server - GPL
No default schema selected; type \use <schema> to set one.

 MySQL  localhost:3306 ssl  SQL > set password for 'total_user'@'localhost' = 'xxx.123';
Query OK, 0 rows affected (0.3471 sec)

 MySQL  localhost:3306 ssl  SQL > alter user 'total_user'@'localhost' identified by '12344';
Query OK, 0 rows affected (0.1858 sec)

 MySQL  localhost:3306 ssl  SQL > show databses;
ERROR: 1064 (42000): You have an error in your SQL syntax; check the manual that corresponds to your MySQL server version for the right syntax to use near 'databses' at line 1

 MySQL  localhost:3306 ssl  SQL > show databases;
+--------------------+
| Database           |
+--------------------+
| evaluacion_1       |
| information_schema |
| mysql              |
| performance_schema |
| sakila             |
| sys                |
| world              |
+--------------------+
7 rows in set (0.0036 sec)

 MySQL  localhost:3306 ssl  SQL > grant all on evaluacion_1.* to 'total_user'@'localhost';
Query OK, 0 rows affected (0.2835 sec)

 MySQL  localhost:3306 ssl  SQL > \connect -c total_user@localhost
The -c option is deprecated, please use --mysql or -mc instead
Creating a Classic session to 'total_user@localhost'
Please provide the password for 'total_user@localhost': *****
Save password for 'total_user@localhost:3306'? [Y]es/[N]o/Ne[v]er (default No): y
Fetching schema names for autocompletion... Press ^C to stop.
Closing old connection...
Your MySQL connection id is 39
Server version: 8.0.12 MySQL Community Server - GPL
No default schema selected; type \use <schema> to set one.

 MySQL  localhost:3306 ssl  SQL > show databases;
+--------------------+
| Database           |
+--------------------+
| evaluacion_1       |
| information_schema |
+--------------------+
2 rows in set (0.0035 sec)

 MySQL  localhost:3306 ssl  SQL > \use evaluacion_1
Default schema set to `evaluacion_1`.
Fetching table and column names from `evaluacion_1` for auto-completion... Press ^C to stop.

 MySQL  localhost:3306 ssl  evaluacion_1  SQL > select * from paises;
+-------+--------+-----------+------------+
| clave | nombre | poblacion | continente |
+-------+--------+-----------+------------+
|     1 | Mexico |   1200000 | America    |
+-------+--------+-----------+------------+
1 row in set (0.0347 sec)

 MySQL  localhost:3306 ssl  evaluacion_1  SQL > \connect -c root@localhost
The -c option is deprecated, please use --mysql or -mc instead
Creating a Classic session to 'root@localhost'
Please provide the password for 'root@localhost': ****
Save password for 'root@localhost:3306'? [Y]es/[N]o/Ne[v]er (default No): y
Fetching schema names for autocompletion... Press ^C to stop.
Closing old connection...
Your MySQL connection id is 40
Server version: 8.0.12 MySQL Community Server - GPL
No default schema selected; type \use <schema> to set one.

 MySQL  localhost:3306 ssl  SQL > create user 'solo_tablas'@'localhost' identified by '1234567';
Query OK, 0 rows affected (0.2376 sec)

 MySQL  localhost:3306 ssl  SQL > grant all on evaluacion_1.paises to 'solo_tablas'@'localhost';
Query OK, 0 rows affected (0.2073 sec)

 MySQL  localhost:3306 ssl  SQL > \connect -c solo_tablas@localhost
The -c option is deprecated, please use --mysql or -mc instead
Creating a Classic session to 'solo_tablas@localhost'
Please provide the password for 'solo_tablas@localhost': *******
Save password for 'solo_tablas@localhost:3306'? [Y]es/[N]o/Ne[v]er (default No): y
Fetching schema names for autocompletion... Press ^C to stop.
Closing old connection...
Your MySQL connection id is 41
Server version: 8.0.12 MySQL Community Server - GPL
No default schema selected; type \use <schema> to set one.

 MySQL  localhost:3306 ssl  SQL > show databases;
+--------------------+
| Database           |
+--------------------+
| evaluacion_1       |
| information_schema |
+--------------------+
2 rows in set (0.0042 sec)

 MySQL  localhost:3306 ssl  SQL > show tables;
ERROR: 1046 (3D000): No database selected

 MySQL  localhost:3306 ssl  SQL > \use evaluacion_1
Default schema set to `evaluacion_1`.
Fetching table and column names from `evaluacion_1` for auto-completion... Press ^C to stop.

 MySQL  localhost:3306 ssl  evaluacion_1  SQL > show tables;
+------------------------+
| Tables_in_evaluacion_1 |
+------------------------+
| paises                 |
+------------------------+
1 row in set (0.0160 sec)

 MySQL  localhost:3306 ssl  evaluacion_1  SQL > \connect -c root@localhost
The -c option is deprecated, please use --mysql or -mc instead
Creating a Classic session to 'root@localhost'
Please provide the password for 'root@localhost': ****
Save password for 'root@localhost:3306'? [Y]es/[N]o/Ne[v]er (default No): y
Fetching schema names for autocompletion... Press ^C to stop.
Closing old connection...
Your MySQL connection id is 42
Server version: 8.0.12 MySQL Community Server - GPL
No default schema selected; type \use <schema> to set one.

 MySQL  localhost:3306 ssl  SQL > create user 'solo_select'@'localhost' identified by '12345';
Query OK, 0 rows affected (0.2029 sec)

 MySQL  localhost:3306 ssl  SQL > grant select on evaluacion_1.paises to 'solo_select'@'localhost';
Query OK, 0 rows affected (0.1368 sec)

 MySQL  localhost:3306 ssl  SQL > \connect -c solo_select@localhost
The -c option is deprecated, please use --mysql or -mc instead
Creating a Classic session to 'solo_select@localhost'
Please provide the password for 'solo_select@localhost': *****
Save password for 'solo_select@localhost:3306'? [Y]es/[N]o/Ne[v]er (default No): y
Fetching schema names for autocompletion... Press ^C to stop.
Closing old connection...
Your MySQL connection id is 43
Server version: 8.0.12 MySQL Community Server - GPL
No default schema selected; type \use <schema> to set one.

 MySQL  localhost:3306 ssl  SQL > show tables;
ERROR: 1046 (3D000): No database selected

 MySQL  localhost:3306 ssl  SQL > \use evaluacion_1
Default schema set to `evaluacion_1`.
Fetching table and column names from `evaluacion_1` for auto-completion... Press ^C to stop.

 MySQL  localhost:3306 ssl  evaluacion_1  SQL > show tables;
+------------------------+
| Tables_in_evaluacion_1 |
+------------------------+
| paises                 |
+------------------------+
1 row in set (0.0097 sec)

 MySQL  localhost:3306 ssl  evaluacion_1  SQL > drop table paises;
ERROR: 1142 (42000): DROP command denied to user 'solo_select'@'localhost' for table 'paises'

 MySQL  localhost:3306 ssl  evaluacion_1  SQL > delete * from paises;
ERROR: 1064 (42000): You have an error in your SQL syntax; check the manual that corresponds to your MySQL server version for the right syntax to use near '* from paises' at line 1

 MySQL  localhost:3306 ssl  evaluacion_1  SQL > select * from paises;
+-------+--------+-----------+------------+
| clave | nombre | poblacion | continente |
+-------+--------+-----------+------------+
|     1 | Mexico |   1200000 | America    |
+-------+--------+-----------+------------+
1 row in set (0.0038 sec)

 MySQL  localhost:3306 ssl  evaluacion_1  SQL >